0 UNSATISFIABLE 11.52
1 UNSATISFIABLE 7.83
2 UNSATISFIABLE 12.75
3 UNSATISFIABLE 11.98
4 UNSATISFIABLE 12.26
5 UNSATISFIABLE 6.51
6 UNSATISFIABLE 9.50
7 UNSATISFIABLE 9.59
8 UNSATISFIABLE 11.52
9 UNSATISFIABLE 7.72
10 UNSATISFIABLE 10.84
11 UNSATISFIABLE 6.87
12 UNSATISFIABLE 8.75
13 UNSATISFIABLE 7.90
14 UNSATISFIABLE 14.11
15 UNSATISFIABLE 9.62
16 UNSATISFIABLE 9.08
17 UNSATISFIABLE 7.77
18 UNSATISFIABLE 10.84
19 UNSATISFIABLE 10.31
20 UNSATISFIABLE 9.77
21 UNSATISFIABLE 7.72
22 UNSATISFIABLE 11.26
23 UNSATISFIABLE 9.46
24 UNSATISFIABLE 10.50
25 UNSATISFIABLE 8.48
26 UNSATISFIABLE 13.30
27 UNSATISFIABLE 8.11
28 UNSATISFIABLE 10.16
29 UNSATISFIABLE 8.04
30 UNSATISFIABLE 9.91
31 UNSATISFIABLE 6.86
32 UNSATISFIABLE 10.38
33 UNSATISFIABLE 8.41
34 UNSATISFIABLE 10.87
35 UNSATISFIABLE 7.53
36 UNSATISFIABLE 11.24
37 UNSATISFIABLE 6.89
38 UNSATISFIABLE 11.07
39 UNSATISFIABLE 7.56
40 UNSATISFIABLE 10.78
41 UNSATISFIABLE 8.97
42 UNSATISFIABLE 10.86
43 UNSATISFIABLE 8.10
44 UNSATISFIABLE 13.12
45 UNSATISFIABLE 8.69
46 UNSATISFIABLE 9.06
47 UNSATISFIABLE 9.17
48 UNSATISFIABLE 9.59
49 UNSATISFIABLE 6.78
50 UNSATISFIABLE 10.58
51 UNSATISFIABLE 7.93
52 UNSATISFIABLE 10.92
53 UNSATISFIABLE 7.98
54 UNSATISFIABLE 8.59
55 UNSATISFIABLE 9.74
56 UNSATISFIABLE 11.89
57 UNSATISFIABLE 8.59
58 UNSATISFIABLE 11.14
59 UNSATISFIABLE 8.02
60 UNSATISFIABLE 12.16
61 UNSATISFIABLE 9.08
62 UNSATISFIABLE 9.93
63 UNSATISFIABLE 11.12
64 UNSATISFIABLE 9.94
65 UNSATISFIABLE 9.02
66 UNSATISFIABLE 9.38
67 UNSATISFIABLE 7.50
68 UNSATISFIABLE 9.98
69 UNSATISFIABLE 7.52
70 UNSATISFIABLE 8.90
71 UNSATISFIABLE 7.48
72 UNSATISFIABLE 15.40
73 UNSATISFIABLE 13.52
74 UNSATISFIABLE 21.54
75 UNSATISFIABLE 13.13
76 UNSATISFIABLE 16.13
77 UNSATISFIABLE 11.77
78 UNSATISFIABLE 14.45
79 UNSATISFIABLE 10.10
80 UNSATISFIABLE 17.11
81 UNSATISFIABLE 12.87
82 UNSATISFIABLE 17.94
83 UNSATISFIABLE 9.39
84 UNSATISFIABLE 16.64
85 UNSATISFIABLE 11.43
86 UNSATISFIABLE 20.43
87 UNSATISFIABLE 15.55
88 UNSATISFIABLE 20.97
89 UNSATISFIABLE 12.77
90 UNSATISFIABLE 20.30
91 UNSATISFIABLE 9.71
92 UNSATISFIABLE 21.33
93 UNSATISFIABLE 13.49
94 UNSATISFIABLE 21.14
95 UNSATISFIABLE 12.61
96 UNSATISFIABLE 20.61
97 UNSATISFIABLE 13.10
98 UNSATISFIABLE 19.17
99 UNSATISFIABLE 13.37
100 UNSATISFIABLE 20.54
101 UNSATISFIABLE 13.43
102 UNSATISFIABLE 24.39
103 UNSATISFIABLE 12.22
104 UNSATISFIABLE 18.60
105 UNSATISFIABLE 13.09
106 UNSATISFIABLE 19.21
107 UNSATISFIABLE 12.83
108 UNSATISFIABLE 21.19
109 UNSATISFIABLE 13.20
110 UNSATISFIABLE 15.07
111 UNSATISFIABLE 8.10
112 UNSATISFIABLE 18.82
113 UNSATISFIABLE 10.34
114 UNSATISFIABLE 18.07
115 UNSATISFIABLE 13.72
116 UNSATISFIABLE 14.69
117 UNSATISFIABLE 11.20
118 UNSATISFIABLE 17.37
119 UNSATISFIABLE 11.33
120 UNSATISFIABLE 22.12
121 UNSATISFIABLE 11.04
122 UNSATISFIABLE 17.52
123 UNSATISFIABLE 10.99
124 UNSATISFIABLE 21.27
125 UNSATISFIABLE 8.50
126 UNSATISFIABLE 19.23
127 UNSATISFIABLE 8.42
128 UNSATISFIABLE 19.22
129 UNSATISFIABLE 7.91
130 UNSATISFIABLE 21.85
131 UNSATISFIABLE 10.31
132 UNSATISFIABLE 20.99
133 UNSATISFIABLE 11.42
134 UNSATISFIABLE 18.99
135 UNSATISFIABLE 11.51
136 UNSATISFIABLE 16.93
137 UNSATISFIABLE 8.28
138 UNSATISFIABLE 15.96
139 UNSATISFIABLE 10.65
140 UNSATISFIABLE 14.39
141 UNSATISFIABLE 11.20
142 UNSATISFIABLE 13.49
143 UNSATISFIABLE 8.08
144 UNSATISFIABLE 12.45
145 UNSATISFIABLE 12.88
146 UNSATISFIABLE 13.76
147 UNSATISFIABLE 11.64
148 UNSATISFIABLE 16.38
149 UNSATISFIABLE 12.38
150 UNSATISFIABLE 11.17
151 UNSATISFIABLE 11.44
152 UNSATISFIABLE 14.46
153 UNSATISFIABLE 11.53
154 UNSATISFIABLE 10.20
155 UNSATISFIABLE 11.19
156 UNSATISFIABLE 11.29
157 UNSATISFIABLE 10.70
158 UNSATISFIABLE 14.51
159 UNSATISFIABLE 10.84
160 UNSATISFIABLE 16.91
161 UNSATISFIABLE 10.49
162 UNSATISFIABLE 17.83
163 UNSATISFIABLE 10.54
164 UNSATISFIABLE 19.21
165 UNSATISFIABLE 10.98
166 UNSATISFIABLE 14.85
167 UNSATISFIABLE 11.12
168 UNSATISFIABLE 13.36
169 UNSATISFIABLE 10.22
170 UNSATISFIABLE 14.00
171 UNSATISFIABLE 8.10
172 UNSATISFIABLE 14.22
173 UNSATISFIABLE 12.41
174 UNSATISFIABLE 11.11
175 UNSATISFIABLE 10.54
176 UNSATISFIABLE 10.53
177 UNSATISFIABLE 11.46
178 UNSATISFIABLE 13.31
179 UNSATISFIABLE 11.71
180 UNSATISFIABLE 12.79
181 UNSATISFIABLE 10.52
182 UNSATISFIABLE 13.82
183 UNSATISFIABLE 8.61
184 UNSATISFIABLE 15.32
185 UNSATISFIABLE 11.37
186 UNSATISFIABLE 16.14
187 UNSATISFIABLE 10.60
188 UNSATISFIABLE 14.41
189 UNSATISFIABLE 12.20
190 UNSATISFIABLE 15.91
191 UNSATISFIABLE 11.50
192 UNSATISFIABLE 11.13
193 UNSATISFIABLE 11.37
194 UNSATISFIABLE 16.61
195 UNSATISFIABLE 11.29
196 UNSATISFIABLE 18.24
197 UNSATISFIABLE 11.21
198 UNSATISFIABLE 16.02
199 UNSATISFIABLE 11.45
200 UNSATISFIABLE 13.85
201 UNSATISFIABLE 11.45
202 UNSATISFIABLE 14.62
203 UNSATISFIABLE 11.45
204 UNSATISFIABLE 12.68
205 UNSATISFIABLE 11.98
206 UNSATISFIABLE 15.57
207 UNSATISFIABLE 11.72
208 UNSATISFIABLE 15.30
209 UNSATISFIABLE 10.99
210 UNSATISFIABLE 13.56
211 UNSATISFIABLE 11.28
212 UNSATISFIABLE 12.60
213 UNSATISFIABLE 11.52
214 UNSATISFIABLE 13.43
215 UNSATISFIABLE 11.66
216 UNSATISFIABLE 13.59
217 UNSATISFIABLE 11.05
218 UNSATISFIABLE 10.49
219 UNSATISFIABLE 10.90
220 UNSATISFIABLE 13.18
221 UNSATISFIABLE 7.34
222 UNSATISFIABLE 9.66
223 UNSATISFIABLE 10.98
224 UNSATISFIABLE 15.60
225 UNSATISFIABLE 11.06
226 UNSATISFIABLE 13.06
227 UNSATISFIABLE 9.09
228 UNSATISFIABLE 13.84
229 UNSATISFIABLE 11.20
230 UNSATISFIABLE 10.95
231 UNSATISFIABLE 11.34
232 UNSATISFIABLE 13.81
233 UNSATISFIABLE 12.11
234 UNSATISFIABLE 9.54
235 UNSATISFIABLE 12.06
236 UNSATISFIABLE 13.33
237 UNSATISFIABLE 10.60
238 UNSATISFIABLE 10.68
239 UNSATISFIABLE 11.99
240 UNSATISFIABLE 10.82
241 UNSATISFIABLE 7.86
242 UNSATISFIABLE 14.29
243 UNSATISFIABLE 11.09
244 UNSATISFIABLE 14.94
245 UNSATISFIABLE 8.29
246 UNSATISFIABLE 13.89
247 UNSATISFIABLE 11.32
248 UNSATISFIABLE 14.20
249 UNSATISFIABLE 8.35
250 UNSATISFIABLE 15.74
251 UNSATISFIABLE 12.16
252 UNSATISFIABLE 17.41
253 UNSATISFIABLE 10.74
254 UNSATISFIABLE 17.88
255 UNSATISFIABLE 8.42
256 UNSATISFIABLE 16.84
257 UNSATISFIABLE 12.20
258 UNSATISFIABLE 12.84
259 UNSATISFIABLE 8.00
260 UNSATISFIABLE 17.41
261 UNSATISFIABLE 11.12
262 UNSATISFIABLE 16.75
263 UNSATISFIABLE 8.55
264 UNSATISFIABLE 16.87
265 UNSATISFIABLE 11.83
266 UNSATISFIABLE 17.91
267 UNSATISFIABLE 11.43
268 UNSATISFIABLE 19.20
269 UNSATISFIABLE 8.62
270 UNSATISFIABLE 17.40
271 UNSATISFIABLE 10.96
272 UNSATISFIABLE 17.73
273 UNSATISFIABLE 10.88
274 UNSATISFIABLE 16.70
275 UNSATISFIABLE 10.88
276 UNSATISFIABLE 18.10
277 UNSATISFIABLE 7.75
278 UNSATISFIABLE 18.05
279 UNSATISFIABLE 11.02
280 UNSATISFIABLE 16.85
281 UNSATISFIABLE 11.71
282 UNSATISFIABLE 20.53
283 UNSATISFIABLE 11.71
284 UNSATISFIABLE 18.79
285 UNSATISFIABLE 7.26
286 UNSATISFIABLE 17.81
287 UNSATISFIABLE 8.41
288 UNSATISFIABLE 19.13
289 UNSATISFIABLE 12.55
290 UNSATISFIABLE 18.81
291 UNSATISFIABLE 11.39
292 UNSATISFIABLE 14.00
293 UNSATISFIABLE 12.44
294 UNSATISFIABLE 17.12
295 UNSATISFIABLE 11.82
296 UNSATISFIABLE 11.98
297 UNSATISFIABLE 7.82
298 UNSATISFIABLE 12.57
299 UNSATISFIABLE 11.01
300 UNSATISFIABLE 18.49
301 UNSATISFIABLE 12.40
302 UNSATISFIABLE 19.64
303 UNSATISFIABLE 8.07
304 UNSATISFIABLE 13.87
305 UNSATISFIABLE 11.58
306 UNSATISFIABLE 11.83
307 UNSATISFIABLE 11.71
308 UNSATISFIABLE 17.45
309 UNSATISFIABLE 11.76
310 UNSATISFIABLE 19.98
311 UNSATISFIABLE 9.49
312 UNSATISFIABLE 18.56
313 UNSATISFIABLE 7.65
314 UNSATISFIABLE 10.80
315 UNSATISFIABLE 7.94
316 UNSATISFIABLE 12.83
317 UNSATISFIABLE 11.41
318 UNSATISFIABLE 19.58
319 UNSATISFIABLE 11.48
320 UNSATISFIABLE 17.61
321 UNSATISFIABLE 8.31
322 UNSATISFIABLE 17.64
323 UNSATISFIABLE 9.44
324 UNSATISFIABLE 12.61
325 UNSATISFIABLE 10.93
326 UNSATISFIABLE 11.49
327 UNSATISFIABLE 12.68
328 UNSATISFIABLE 17.55
329 UNSATISFIABLE 8.25
330 UNSATISFIABLE 17.03
331 UNSATISFIABLE 8.30
332 UNSATISFIABLE 12.06
333 UNSATISFIABLE 8.92
334 UNSATISFIABLE 17.62
335 UNSATISFIABLE 12.15
336 UNSATISFIABLE 16.91
337 UNSATISFIABLE 8.38
338 UNSATISFIABLE 12.39
339 UNSATISFIABLE 8.26
340 UNSATISFIABLE 18.87
341 UNSATISFIABLE 8.05
342 UNSATISFIABLE 18.07
343 UNSATISFIABLE 8.42
344 UNSATISFIABLE 14.56
345 UNSATISFIABLE 11.51
346 UNSATISFIABLE 19.99
347 UNSATISFIABLE 11.62
348 UNSATISFIABLE 11.28
349 UNSATISFIABLE 7.84
350 UNSATISFIABLE 12.27
351 UNSATISFIABLE 8.26
352 UNSATISFIABLE 18.69
353 UNSATISFIABLE 13.29
354 UNSATISFIABLE 17.74
355 UNSATISFIABLE 9.26
356 UNSATISFIABLE 18.63
357 UNSATISFIABLE 12.36
358 UNSATISFIABLE 11.94
359 UNSATISFIABLE 10.12
360 UNSATISFIABLE 18.35
361 UNSATISFIABLE 9.07
362 UNSATISFIABLE 17.78
363 UNSATISFIABLE 12.81
364 UNSATISFIABLE 18.17
365 UNSATISFIABLE 8.61
366 UNSATISFIABLE 16.93
367 UNSATISFIABLE 12.82
368 UNSATISFIABLE 18.40
369 UNSATISFIABLE 7.88
370 UNSATISFIABLE 13.00
371 UNSATISFIABLE 12.29
372 UNSATISFIABLE 22.24
373 UNSATISFIABLE 8.68
374 UNSATISFIABLE 17.95
375 UNSATISFIABLE 8.05
376 UNSATISFIABLE 14.70
377 UNSATISFIABLE 11.26
378 UNSATISFIABLE 13.31
379 UNSATISFIABLE 8.19
380 UNSATISFIABLE 18.62
381 UNSATISFIABLE 10.47
382 UNSATISFIABLE 19.71
383 UNSATISFIABLE 11.89
384 UNSATISFIABLE 21.14
385 UNSATISFIABLE 8.08
386 UNSATISFIABLE 19.80
387 UNSATISFIABLE 9.51
388 UNSATISFIABLE 16.36
389 UNSATISFIABLE 12.69
390 UNSATISFIABLE 19.28
391 UNSATISFIABLE 11.00
392 UNSATISFIABLE 14.69
393 UNSATISFIABLE 8.61
394 UNSATISFIABLE 12.75
395 UNSATISFIABLE 11.87
396 UNSATISFIABLE 14.08
397 UNSATISFIABLE 7.71
398 UNSATISFIABLE 13.20
399 UNSATISFIABLE 10.83
400 UNSATISFIABLE 19.09
401 UNSATISFIABLE 12.11
402 UNSATISFIABLE 18.49
403 UNSATISFIABLE 8.29
404 UNSATISFIABLE 18.44
405 UNSATISFIABLE 8.68
406 UNSATISFIABLE 12.70
407 UNSATISFIABLE 14.61
408 UNSATISFIABLE 20.25
409 UNSATISFIABLE 8.08
410 UNSATISFIABLE 18.11
411 UNSATISFIABLE 8.00
412 UNSATISFIABLE 12.16
413 UNSATISFIABLE 8.29
414 UNSATISFIABLE 23.22
415 UNSATISFIABLE 12.53
416 UNSATISFIABLE 16.23
417 UNSATISFIABLE 12.76
418 UNSATISFIABLE 15.35
419 UNSATISFIABLE 11.77
420 UNSATISFIABLE 19.07
421 UNSATISFIABLE 8.26
422 UNSATISFIABLE 11.25
423 UNSATISFIABLE 8.21
424 UNSATISFIABLE 13.54
425 UNSATISFIABLE 8.59
426 UNSATISFIABLE 17.41
427 UNSATISFIABLE 12.38
428 UNSATISFIABLE 19.00
429 UNSATISFIABLE 9.06
430 UNSATISFIABLE 16.68
431 UNSATISFIABLE 11.34
432 UNSATISFIABLE 13.24
433 UNSATISFIABLE 9.38
434 UNSATISFIABLE 16.44
435 UNSATISFIABLE 11.67
436 UNSATISFIABLE 22.07
437 UNSATISFIABLE 11.37
438 UNSATISFIABLE 13.69
439 UNSATISFIABLE 11.97
440 UNSATISFIABLE 20.48
441 UNSATISFIABLE 10.72
442 UNSATISFIABLE 15.68
443 UNSATISFIABLE 7.73
444 UNSATISFIABLE 19.68
445 UNSATISFIABLE 12.27
446 UNSATISFIABLE 17.85
447 UNSATISFIABLE 11.17
448 UNSATISFIABLE 15.68
449 UNSATISFIABLE 12.82
450 UNSATISFIABLE 13.79
451 UNSATISFIABLE 7.85
452 UNSATISFIABLE 13.96
453 UNSATISFIABLE 8.17
454 UNSATISFIABLE 19.61
455 UNSATISFIABLE 14.03
456 UNSATISFIABLE 19.04
457 UNSATISFIABLE 11.87
458 UNSATISFIABLE 17.03
459 UNSATISFIABLE 7.96
460 UNSATISFIABLE 11.67
461 UNSATISFIABLE 9.05
462 UNSATISFIABLE 11.95
463 UNSATISFIABLE 12.51
464 UNSATISFIABLE 18.95
465 UNSATISFIABLE 8.10
466 UNSATISFIABLE 13.74
467 UNSATISFIABLE 10.22
468 UNSATISFIABLE 11.84
469 UNSATISFIABLE 11.00
470 UNSATISFIABLE 12.05
471 UNSATISFIABLE 7.74
472 UNSATISFIABLE 17.17
473 UNSATISFIABLE 12.15
474 UNSATISFIABLE 18.26
475 UNSATISFIABLE 11.09
476 UNSATISFIABLE 17.35
477 UNSATISFIABLE 7.25
478 UNSATISFIABLE 17.03
479 UNSATISFIABLE 12.10
480 UNSATISFIABLE 12.90
481 UNSATISFIABLE 11.38
482 UNSATISFIABLE 17.98
483 UNSATISFIABLE 8.05
484 UNSATISFIABLE 18.35
485 UNSATISFIABLE 8.29
486 UNSATISFIABLE 13.35
487 UNSATISFIABLE 8.42
488 UNSATISFIABLE 13.66
489 UNSATISFIABLE 9.88
490 UNSATISFIABLE 21.59
491 UNSATISFIABLE 11.78
492 UNSATISFIABLE 19.82
493 UNSATISFIABLE 8.29
494 UNSATISFIABLE 18.15
495 UNSATISFIABLE 10.60
496 UNSATISFIABLE 13.43
497 UNSATISFIABLE 7.87
498 UNSATISFIABLE 12.68
499 UNSATISFIABLE 13.48
500 UNSATISFIABLE 19.03
501 UNSATISFIABLE 12.61
502 UNSATISFIABLE 14.77
503 UNSATISFIABLE 9.72
504 UNSATISFIABLE 19.17
505 UNSATISFIABLE 13.09
506 UNSATISFIABLE 13.84
507 UNSATISFIABLE 10.97
508 UNSATISFIABLE 13.67
509 UNSATISFIABLE 13.94
510 UNSATISFIABLE 19.78
511 UNSATISFIABLE 9.15
512 UNSATISFIABLE 15.24
513 UNSATISFIABLE 14.14
514 UNSATISFIABLE 20.28
515 UNSATISFIABLE 11.38
516 UNSATISFIABLE 17.40
517 UNSATISFIABLE 12.91
518 UNSATISFIABLE 15.69
519 UNSATISFIABLE 9.81
520 UNSATISFIABLE 14.65
521 UNSATISFIABLE 8.64
522 UNSATISFIABLE 23.50
523 UNSATISFIABLE 8.24
524 UNSATISFIABLE 15.87
525 UNSATISFIABLE 12.15
526 UNSATISFIABLE 18.72
527 UNSATISFIABLE 11.08
528 UNSATISFIABLE 17.52
529 UNSATISFIABLE 12.66
530 UNSATISFIABLE 14.32
531 UNSATISFIABLE 12.23
532 UNSATISFIABLE 18.68
533 UNSATISFIABLE 7.74
534 UNSATISFIABLE 14.54
535 UNSATISFIABLE 12.04
536 UNSATISFIABLE 17.21
537 UNSATISFIABLE 8.67
538 UNSATISFIABLE 11.53
539 UNSATISFIABLE 7.91
540 UNSATISFIABLE 16.17
541 UNSATISFIABLE 7.72
542 UNSATISFIABLE 17.57
543 UNSATISFIABLE 12.47
544 UNSATISFIABLE 18.95
545 UNSATISFIABLE 12.88
546 UNSATISFIABLE 16.88
547 UNSATISFIABLE 12.24
548 UNSATISFIABLE 17.39
549 UNSATISFIABLE 8.43
550 UNSATISFIABLE 16.33
551 UNSATISFIABLE 11.95
552 UNSATISFIABLE 18.33
553 UNSATISFIABLE 12.70
554 UNSATISFIABLE 17.76
555 UNSATISFIABLE 11.82
556 UNSATISFIABLE 10.86
557 UNSATISFIABLE 12.39
558 UNSATISFIABLE 11.96
559 UNSATISFIABLE 12.10
560 UNSATISFIABLE 11.45
561 UNSATISFIABLE 13.51
562 UNSATISFIABLE 19.44
563 UNSATISFIABLE 12.73
564 UNSATISFIABLE 11.73
565 UNSATISFIABLE 8.42
566 UNSATISFIABLE 17.12
567 UNSATISFIABLE 8.75
568 UNSATISFIABLE 12.94
569 UNSATISFIABLE 8.78
570 UNSATISFIABLE 18.80
571 UNSATISFIABLE 8.61
572 UNSATISFIABLE 12.56
573 UNSATISFIABLE 13.54
574 UNSATISFIABLE 16.29
575 UNSATISFIABLE 12.34
576 UNSATISFIABLE 18.01
577 UNSATISFIABLE 8.15
578 UNSATISFIABLE 13.18
579 UNSATISFIABLE 11.58
580 UNSATISFIABLE 12.16
581 UNSATISFIABLE 12.13
582 UNSATISFIABLE 18.98
583 UNSATISFIABLE 11.27
584 UNSATISFIABLE 13.55
585 UNSATISFIABLE 12.03
586 UNSATISFIABLE 19.36
587 UNSATISFIABLE 11.47
588 UNSATISFIABLE 9.06
589 UNSATISFIABLE 9.45
590 UNSATISFIABLE 9.73
591 UNSATISFIABLE 11.90
592 UNSATISFIABLE 12.00
593 UNSATISFIABLE 10.97
594 UNSATISFIABLE 15.66
595 UNSATISFIABLE 12.75
596 UNSATISFIABLE 19.05
597 UNSATISFIABLE 11.47
598 UNSATISFIABLE 19.99
599 UNSATISFIABLE 11.78
600 UNSATISFIABLE 17.31
601 UNSATISFIABLE 11.77
602 UNSATISFIABLE 18.11
603 UNSATISFIABLE 6.56
604 UNSATISFIABLE 16.49
605 UNSATISFIABLE 11.47
606 UNSATISFIABLE 18.80
607 UNSATISFIABLE 7.80
608 UNSATISFIABLE 16.65
609 UNSATISFIABLE 11.36
610 UNSATISFIABLE 17.76
611 UNSATISFIABLE 11.70
612 UNSATISFIABLE 13.01
613 UNSATISFIABLE 8.05
614 UNSATISFIABLE 13.04
615 UNSATISFIABLE 10.90
616 UNSATISFIABLE 11.58
617 UNSATISFIABLE 10.40
618 UNSATISFIABLE 11.97
619 UNSATISFIABLE 11.50
620 UNSATISFIABLE 11.95
621 UNSATISFIABLE 10.73
622 UNSATISFIABLE 12.19
623 UNSATISFIABLE 8.55
624 UNSATISFIABLE 16.55
625 UNSATISFIABLE 7.66
626 UNSATISFIABLE 18.07
627 UNSATISFIABLE 11.24
628 UNSATISFIABLE 16.81
629 UNSATISFIABLE 11.70
630 UNSATISFIABLE 9.47
631 UNSATISFIABLE 11.13
632 UNSATISFIABLE 14.68
633 UNSATISFIABLE 9.90
634 UNSATISFIABLE 16.29
635 UNSATISFIABLE 11.25
636 UNSATISFIABLE 15.10
637 UNSATISFIABLE 11.63
638 UNSATISFIABLE 14.37
639 UNSATISFIABLE 11.01
640 UNSATISFIABLE 14.89
641 UNSATISFIABLE 9.63
642 UNSATISFIABLE 15.55
643 UNSATISFIABLE 10.84
644 UNSATISFIABLE 11.03
645 UNSATISFIABLE 10.83
646 UNSATISFIABLE 14.49
647 UNSATISFIABLE 11.30
648 UNSATISFIABLE 18.72
649 UNSATISFIABLE 8.40
650 UNSATISFIABLE 18.97
651 UNSATISFIABLE 10.21
652 UNSATISFIABLE 14.40
653 UNSATISFIABLE 10.71
654 UNSATISFIABLE 10.55
655 UNSATISFIABLE 10.78
656 UNSATISFIABLE 11.55
657 UNSATISFIABLE 8.21
658 UNSATISFIABLE 10.66
659 UNSATISFIABLE 10.31
660 UNSATISFIABLE 11.46
661 UNSATISFIABLE 9.78
662 UNSATISFIABLE 13.22
663 UNSATISFIABLE 10.65
664 UNSATISFIABLE 12.08
665 UNSATISFIABLE 11.00
666 UNSATISFIABLE 11.00
667 UNSATISFIABLE 11.02
668 UNSATISFIABLE 12.39
669 UNSATISFIABLE 12.17
670 UNSATISFIABLE 11.44
671 UNSATISFIABLE 10.30
672 UNSATISFIABLE 13.39
673 UNSATISFIABLE 10.93
674 UNSATISFIABLE 11.26
675 UNSATISFIABLE 11.41
676 UNSATISFIABLE 13.27
677 UNSATISFIABLE 12.33
678 UNSATISFIABLE 13.96
679 UNSATISFIABLE 11.04
680 UNSATISFIABLE 10.37
681 UNSATISFIABLE 9.35
682 UNSATISFIABLE 13.70
683 UNSATISFIABLE 10.24
684 UNSATISFIABLE 13.50
685 UNSATISFIABLE 8.25
686 UNSATISFIABLE 14.31
687 UNSATISFIABLE 8.77
688 UNSATISFIABLE 15.39
689 UNSATISFIABLE 8.06
690 UNSATISFIABLE 12.55
691 UNSATISFIABLE 11.71
692 UNSATISFIABLE 12.64
693 UNSATISFIABLE 11.17
694 UNSATISFIABLE 16.04
695 UNSATISFIABLE 12.10
696 UNSATISFIABLE 13.85
697 UNSATISFIABLE 11.23
698 UNSATISFIABLE 14.43
699 UNSATISFIABLE 12.82
700 UNSATISFIABLE 14.26
701 UNSATISFIABLE 11.48
702 UNSATISFIABLE 13.64
703 UNSATISFIABLE 11.38
704 UNSATISFIABLE 10.53
705 UNSATISFIABLE 12.02
706 UNSATISFIABLE 14.58
707 UNSATISFIABLE 12.11
708 UNSATISFIABLE 15.13
709 UNSATISFIABLE 9.55
710 UNSATISFIABLE 12.88
711 UNSATISFIABLE 10.62
712 UNSATISFIABLE 14.25
713 UNSATISFIABLE 12.06
714 UNSATISFIABLE 13.43
715 UNSATISFIABLE 8.48
716 UNSATISFIABLE 16.04
717 UNSATISFIABLE 12.08
718 UNSATISFIABLE 14.17
719 UNSATISFIABLE 10.92
720 UNSATISFIABLE 12.81
721 UNSATISFIABLE 12.06
722 UNSATISFIABLE 11.23
723 UNSATISFIABLE 15.76
724 UNSATISFIABLE 13.87
725 UNSATISFIABLE 11.30
726 UNSATISFIABLE 9.86
727 UNSATISFIABLE 11.27
728 UNSATISFIABLE 10.56
729 UNSATISFIABLE 11.52
730 UNSATISFIABLE 14.55
731 UNSATISFIABLE 11.01
732 UNSATISFIABLE 9.73
733 UNSATISFIABLE 11.25
734 UNSATISFIABLE 13.17
735 UNSATISFIABLE 12.08
736 UNSATISFIABLE 10.63
737 UNSATISFIABLE 12.35
738 UNSATISFIABLE 12.64
739 UNSATISFIABLE 13.38
740 UNSATISFIABLE 13.87
741 UNSATISFIABLE 12.60
742 UNSATISFIABLE 10.24
743 UNSATISFIABLE 15.42
744 UNSATISFIABLE 14.64
745 UNSATISFIABLE 12.68
746 UNSATISFIABLE 14.57
747 UNSATISFIABLE 12.16
748 UNSATISFIABLE 13.74
749 UNSATISFIABLE 11.57
750 UNSATISFIABLE 14.28
751 UNSATISFIABLE 11.99
752 UNSATISFIABLE 14.27
753 UNSATISFIABLE 9.10
754 UNSATISFIABLE 14.72
755 UNSATISFIABLE 11.05
756 UNSATISFIABLE 10.87
757 UNSATISFIABLE 11.93
758 UNSATISFIABLE 13.39
759 UNSATISFIABLE 12.78
760 UNSATISFIABLE 11.25
761 UNSATISFIABLE 14.11
762 UNSATISFIABLE 13.38
763 UNSATISFIABLE 12.06
764 UNSATISFIABLE 13.48
765 UNSATISFIABLE 11.36
766 UNSATISFIABLE 12.85
767 UNSATISFIABLE 11.63
768 UNSATISFIABLE 14.15
769 UNSATISFIABLE 12.39
770 UNSATISFIABLE 13.01
771 UNSATISFIABLE 11.31
772 UNSATISFIABLE 10.68
773 UNSATISFIABLE 13.69
774 UNSATISFIABLE 12.10
775 UNSATISFIABLE 10.87
776 UNSATISFIABLE 12.95
777 UNSATISFIABLE 13.82
778 UNSATISFIABLE 12.11
779 UNSATISFIABLE 10.97
780 UNSATISFIABLE 9.15
781 UNSATISFIABLE 12.06
782 UNSATISFIABLE 13.76
783 UNSATISFIABLE 11.80
784 UNSATISFIABLE 12.79
785 UNSATISFIABLE 11.60
786 UNSATISFIABLE 13.78
787 UNSATISFIABLE 11.45
788 UNSATISFIABLE 11.39
789 UNSATISFIABLE 11.80
790 UNSATISFIABLE 13.62
791 UNSATISFIABLE 11.95
792 UNSATISFIABLE 8.75
793 UNSATISFIABLE 7.57
794 UNSATISFIABLE 8.89
795 UNSATISFIABLE 7.07
796 UNSATISFIABLE 8.26
797 UNSATISFIABLE 7.16
798 UNSATISFIABLE 8.87
799 UNSATISFIABLE 6.80
800 UNSATISFIABLE 8.53
801 UNSATISFIABLE 8.22
802 UNSATISFIABLE 8.10
803 UNSATISFIABLE 7.68
804 UNSATISFIABLE 6.26
805 UNSATISFIABLE 10.55
806 UNSATISFIABLE 8.76
807 UNSATISFIABLE 6.56
808 UNSATISFIABLE 13.84
809 UNSATISFIABLE 7.68
810 UNSATISFIABLE 8.47
811 UNSATISFIABLE 7.50
812 UNSATISFIABLE 8.89
813 UNSATISFIABLE 7.46
814 UNSATISFIABLE 9.88
815 UNSATISFIABLE 6.98
816 UNSATISFIABLE 8.80
817 UNSATISFIABLE 12.12
818 UNSATISFIABLE 9.04
819 UNSATISFIABLE 7.48
820 UNSATISFIABLE 8.28
821 UNSATISFIABLE 9.68
822 UNSATISFIABLE 7.57
823 UNSATISFIABLE 6.99
824 UNSATISFIABLE 7.71
825 UNSATISFIABLE 7.19
826 UNSATISFIABLE 7.84
827 UNSATISFIABLE 7.75
828 UNSATISFIABLE 10.69
829 UNSATISFIABLE 7.56
830 UNSATISFIABLE 8.64
831 UNSATISFIABLE 7.31
832 UNSATISFIABLE 7.79
833 UNSATISFIABLE 7.05
834 UNSATISFIABLE 9.39
835 UNSATISFIABLE 7.45
836 UNSATISFIABLE 7.65
837 UNSATISFIABLE 7.27
838 UNSATISFIABLE 9.29
839 UNSATISFIABLE 7.16
840 UNSATISFIABLE 9.32
841 UNSATISFIABLE 7.22
842 UNSATISFIABLE 8.40
843 UNSATISFIABLE 8.88
844 UNSATISFIABLE 7.84
845 UNSATISFIABLE 7.40
846 UNSATISFIABLE 8.13
847 UNSATISFIABLE 6.80
848 UNSATISFIABLE 8.47
849 UNSATISFIABLE 7.19
850 UNSATISFIABLE 8.14
851 UNSATISFIABLE 7.49
852 UNSATISFIABLE 13.81
853 UNSATISFIABLE 8.48
854 UNSATISFIABLE 8.63
855 UNSATISFIABLE 6.40
856 UNSATISFIABLE 9.45
857 UNSATISFIABLE 7.80
858 UNSATISFIABLE 8.69
859 UNSATISFIABLE 7.49
860 UNSATISFIABLE 7.33
861 UNSATISFIABLE 7.48
862 UNSATISFIABLE 6.72
863 UNSATISFIABLE 9.23
